// Jest Snapshot v1, https://goo.gl/fbAQLP

exports[`App renders correctly 1`] = `
<DocumentFragment>
  <div>
    <div
      class="location-details"
    >
      <h1>
        , 
      </h1>
      <div
        class="search-form"
      >
        <input
          class="search-input"
          type="text"
          value=""
        />
        <button
          class="search__button"
          type="submit"
        >
          <svg
            aria-hidden="true"
            fill="currentColor"
            height="1em"
            stroke="currentColor"
            stroke-width="0"
            viewBox="0 0 20 20"
            width="1em"
            xmlns="http://www.w3.org/2000/svg"
          >
            <path
              clip-rule="evenodd"
              d="M8 4a4 4 0 100 8 4 4 0 000-8zM2 8a6 6 0 1110.89 3.476l4.817 4.817a1 1 0 01-1.414 1.414l-4.816-4.816A6 6 0 012 8z"
              fill-rule="evenodd"
            />
          </svg>
        </button>
      </div>
    </div>
    <div>
      <div
        class="selected-forecast"
      />
      <div
        class="forecast-summaries"
      />
    </div>
  </div>
</DocumentFragment>
`;
